// Jest Snapshot v1, https://goo.gl/fbAQLP

exports[`Watch Lists Screen renders correctly Snapshot  1`] = `
<RCTSafeAreaView
  emulateUnlessSupported={true}
  style={
    Object {
      "backgroundColor": "#242A32",
      "flex": 1,
    }
  }
>
  <Text
    style={
      Object {
        "alignItems": "flex-start",
        "color": "#FFFFFF",
        "fontFamily": "Poppins-Regular",
        "fontSize": 34,
        "marginEnd": 20,
        "marginStart": 20,
        "marginTop": 50,
      }
    }
  >
    Movies App
  </Text>
  <Text
    style={
      Object {
        "alignItems": "flex-start",
        "color": "#FFFFFF",
        "fontFamily": "Poppins-Regular",
        "fontSize": 16,
        "marginEnd": 20,
        "marginStart": 20,
        "marginTop": 22,
      }
    }
  >
    Your Watch List
  </Text>
  <View
    style={
      Object {
        "alignSelf": "center",
        "flex": 1,
        "justifyContent": "center",
      }
    }
  >
    <Text
      style={
        Object {
          "color": "#FFFFFF",
          "fontFamily": "Poppins-Regular",
          "fontSize": 14,
        }
      }
    >
      No movies in the Wish List
    </Text>
  </View>
  <View
    accessible={true}
    collapsable={false}
    focusable={true}
    nativeID="animatedComponent"
    onClick={[Function]}
    onResponderGrant={[Function]}
    onResponderMove={[Function]}
    onResponderRelease={[Function]}
    onResponderTerminate={[Function]}
    onResponderTerminationRequest={[Function]}
    onStartShouldSetResponder={[Function]}
    style={
      Object {
        "backgroundColor": "#3A3F47",
        "borderRadius": 16,
        "bottom": 10,
        "flexDirection": "row",
        "height": 42,
        "justifyContent": "center",
        "opacity": 1,
        "position": "absolute",
        "right": 30,
        "width": 105,
      }
    }
  >
    <Image
      source={
        Object {
          "testUri": "../../../app/assets/images/back.png",
        }
      }
      style={
        Object {
          "alignSelf": "center",
          "height": 14,
          "justifyContent": "center",
          "width": 16,
        }
      }
    />
    <Text
      style={
        Array [
          Object {
            "color": "#FFFFFF",
            "fontFamily": "Poppins-Regular",
            "fontWeight": "500",
          },
          Object {
            "alignSelf": "center",
            "color": "#EEEEEE",
            "fontSize": 14,
            "marginStart": 10,
          },
        ]
      }
    >
      Back
    </Text>
  </View>
</RCTSafeAreaView>
`;
